// Jest Snapshot v1, https://goo.gl/fbAQLP

exports[`Grid initialize should place the squares on the grid 1`] = `
[
  {
    "props": {},
    "transform": [
      1,
      0,
      0,
      1,
      0,
      0,
    ],
    "type": "beginPath",
  },
  {
    "props": {
      "height": 40,
      "width": 40,
      "x": 420,
      "y": 420,
    },
    "transform": [
      1,
      0,
      0,
      1,
      0,
      0,
    ],
    "type": "rect",
  },
  {
    "props": {},
    "transform": [
      1,
      0,
      0,
      1,
      0,
      0,
    ],
    "type": "closePath",
  },
]
`;
